../Core/Src/main.c:68:6:Compare_RGB_Color	16	static
../Core/Src/main.c:77:6:Set_RGB_Button	16	static
../Core/Src/main.c:86:6:Blink_RGB_Button	16	static
../Core/Src/main.c:98:6:Init_RGB_Button	8	static
../Core/Src/main.c:129:6:HAL_GPIO_EXTI_Callback	16	static
../Core/Src/main.c:144:5:main	16	static
../Core/Src/main.c:224:6:SystemClock_Config	88	static
../Core/Src/main.c:271:13:MX_FDCAN1_Init	8	static
../Core/Src/main.c:314:13:MX_I2C2_Init	8	static
../Core/Src/main.c:362:13:MX_TIM4_Init	48	static
../Core/Src/main.c:419:13:MX_USART2_UART_Init	8	static
../Core/Src/main.c:467:13:MX_GPIO_Init	40	static
../Core/Src/main.c:565:6:Error_Handler	4	static,ignoring_inline_asm
